LTspice 26.0.1 for Windows
Circuit: C:\Users\samar\OneDrive\Desktop\ECD Spice Model\Class B amplifier.net
Start Time: Sun Apr 26 21:55:59 2026
solver = Normal
Maximum thread count: 12
tnom = 27
temp = 27
method = trap
Compress1stOrder = true
Compress2ndOrder = true
Direct Newton iteration failed to find operating point.
Starting Gmin stepping
Gmin stepping succeeded in finding the operating point.

Total elapsed time: 0.113 seconds.

Files loaded:
C:\Users\samar\OneDrive\Desktop\ECD Spice Model\Class B amplifier.net
C:\Users\samar\AppData\Local\LTspice\lib\cmp\standard.bjt
C:\Users\samar\OneDrive\Desktop\ECD Spice Model\bd139.lib
C:\Users\samar\OneDrive\Desktop\ECD Spice Model\bd140.lib
C:\Users\samar\AppData\Local\LTspice\lib\sub\UniversalOpAmp2.lib

