LTspice 26.0.1 for Windows
Circuit: C:\Users\samar\OneDrive\Desktop\ECD Spice Model\Modified Class AB amplifier.net
Start Time: Fri Apr 17 19:11:04 2026
solver = Normal
Maximum thread count: 12
tnom = 27
temp = 27
method = trap
Compress1stOrder = true
Compress2ndOrder = true
Direct Newton iteration succeeded in finding operating point.
Total elapsed time: 0.099 seconds.

Files loaded:
C:\Users\samar\OneDrive\Desktop\ECD Spice Model\Modified Class AB amplifier.net
C:\Users\samar\AppData\Local\LTspice\lib\cmp\standard.dio
C:\Users\samar\AppData\Local\LTspice\lib\cmp\standard.bjt
C:\Users\samar\OneDrive\Desktop\ECD Spice Model\bd139.lib
C:\Users\samar\OneDrive\Desktop\ECD Spice Model\bd140.lib
C:\Users\samar\OneDrive\Desktop\ECD Spice Model\TIP42C.lib
C:\Users\samar\OneDrive\Desktop\ECD Spice Model\TIP41C.lib
C:\Users\samar\AppData\Local\LTspice\lib\sub\UniversalOpAmp2.lib

